./run_example_analysis.sh --problem_indices 2,6,11,16,17 --output_dir results_5x5_on_v2 --best_configs_csv /media/datassd/sina/libgen/cutlass-pdsl/cutlass/examples/python/CuTeDSL/ampere/collected_data/best_by_problem_v2.csv 
======================================================================
  Cross-Problem Kernel Analysis
======================================================================

Activating conda environment: cutlass-pdsl
Starting analysis...

================================================================================
Cross-Problem Kernel Analysis
================================================================================

1. Loading configurations from: best_by_problem_v2.csv

2. Selected 5 problems:
   [0] Row 4 (index 2): M256_N2048_K8192_L1
       Best: 54648.91 GFLOPS @ 157.18 us
       Config: cta=64×128×64, stages=4, atom=2×2×1
   [1] Row 8 (index 6): M256_N8192_K2048_L1
       Best: 60271.65 GFLOPS @ 142.52 us
       Config: cta=128×128×16, stages=3, atom=2×2×1
   [2] Row 13 (index 11): M2048_N2048_K16384_L1
       Best: 66852.82 GFLOPS @ 2055.84 us
       Config: cta=64×128×32, stages=4, atom=2×2×1
   [3] Row 18 (index 16): M4096_N128_K4096_L1
       Best: 47913.00 GFLOPS @ 89.64 us
       Config: cta=64×128×64, stages=3, atom=2×2×1
   [4] Row 19 (index 17): M4096_N4096_K4096_L1
       Best: 73874.27 GFLOPS @ 1860.44 us
       Config: cta=64×128×32, stages=3, atom=2×2×1

3. Initializing kernel runner
   Correctness checking: ENABLED
   Iterations: 50, Warmup: 5

4. Initializing NCU profiler
   Metric sets: full
   Iterations: 2
   ✓ NCU available

5. Creating sweep orchestrator

6. Starting analysis...
   Output directory: results_5x5_on_v2


================================================================================
Cross-Problem Kernel Analysis
================================================================================
Problem subset size: 5
Unique configs: 5
Total runs: 25
Performance collection: YES
NCU profiling: YES
Correctness checking: ENABLED
Output directory: results_5x5_on_v2
================================================================================

Problem subset:
  [0] M256_N2048_K8192_L1 -> Config #0
      Best perf: 54648.91 GFLOPS @ 157.18 us
      cta64x128x64_s4_atom2x2x1_mnn
  [1] M256_N8192_K2048_L1 -> Config #1
      Best perf: 60271.65 GFLOPS @ 142.52 us
      cta128x128x16_s3_atom2x2x1_mnn
  [2] M2048_N2048_K16384_L1 -> Config #2
      Best perf: 66852.82 GFLOPS @ 2055.84 us
      cta64x128x32_s4_atom2x2x1_mnn
  [3] M4096_N128_K4096_L1 -> Config #3
      Best perf: 47913.00 GFLOPS @ 89.64 us
      cta64x128x64_s3_atom2x2x1_mnn
  [4] M4096_N4096_K4096_L1 -> Config #4
      Best perf: 73874.27 GFLOPS @ 1860.44 us
      cta64x128x32_s3_atom2x2x1_mnn


================================================================================
PERFORMANCE COLLECTION
================================================================================

[1/25] Running M256_N2048_K8192_L1 with config cta64x128x64_s4_atom2x2x1_mnn...
  ✓ Success: 172.95 us, 49666.12 GFLOPS
[2/25] Running M256_N2048_K8192_L1 with config cta128x128x16_s3_atom2x2x1_mnn...
  ✓ Success: 340.03 us, 25262.33 GFLOPS
[3/25] Running M256_N2048_K8192_L1 with config cta64x128x32_s4_atom2x2x1_mnn...
  ✓ Success: 195.61 us, 43914.24 GFLOPS
[4/25] Running M256_N2048_K8192_L1 with config cta64x128x64_s3_atom2x2x1_mnn...
  ✓ Success: 172.61 us, 49765.57 GFLOPS
[5/25] Running M256_N2048_K8192_L1 with config cta64x128x32_s3_atom2x2x1_mnn...
  ✓ Success: 196.63 us, 43686.12 GFLOPS
[6/25] Running M256_N8192_K2048_L1 with config cta64x128x64_s4_atom2x2x1_mnn...
  ✓ Success: 181.49 us, 47329.09 GFLOPS
[7/25] Running M256_N8192_K2048_L1 with config cta128x128x16_s3_atom2x2x1_mnn...
  ✓ Success: 163.02 us, 52692.26 GFLOPS
[8/25] Running M256_N8192_K2048_L1 with config cta64x128x32_s4_atom2x2x1_mnn...
  ✓ Success: 170.02 us, 50521.61 GFLOPS
[9/25] Running M256_N8192_K2048_L1 with config cta64x128x64_s3_atom2x2x1_mnn...
  ✓ Success: 179.77 us, 47782.00 GFLOPS
[10/25] Running M256_N8192_K2048_L1 with config cta64x128x32_s3_atom2x2x1_mnn...
  ✓ Success: 170.72 us, 50315.55 GFLOPS
[11/25] Running M2048_N2048_K16384_L1 with config cta64x128x64_s4_atom2x2x1_mnn...
  ✓ Success: 2314.92 us, 59371.04 GFLOPS
[12/25] Running M2048_N2048_K16384_L1 with config cta128x128x16_s3_atom2x2x1_mnn...
  ✓ Success: 2200.15 us, 62468.11 GFLOPS
[13/25] Running M2048_N2048_K16384_L1 with config cta64x128x32_s4_atom2x2x1_mnn...
  ✓ Success: 2255.32 us, 60939.92 GFLOPS
[14/25] Running M2048_N2048_K16384_L1 with config cta64x128x64_s3_atom2x2x1_mnn...
  ✓ Success: 2117.22 us, 64914.74 GFLOPS
[15/25] Running M2048_N2048_K16384_L1 with config cta64x128x32_s3_atom2x2x1_mnn...
  ✓ Success: 2231.53 us, 61589.68 GFLOPS
[16/25] Running M4096_N128_K4096_L1 with config cta64x128x64_s4_atom2x2x1_mnn...
  ✓ Success: 79.26 us, 54189.98 GFLOPS
[17/25] Running M4096_N128_K4096_L1 with config cta128x128x16_s3_atom2x2x1_mnn...
  ✓ Success: 168.78 us, 25447.79 GFLOPS
[18/25] Running M4096_N128_K4096_L1 with config cta64x128x32_s4_atom2x2x1_mnn...
  ✓ Success: 100.41 us, 42772.83 GFLOPS
[19/25] Running M4096_N128_K4096_L1 with config cta64x128x64_s3_atom2x2x1_mnn...
  ✓ Success: 89.50 us, 47989.75 GFLOPS
[20/25] Running M4096_N128_K4096_L1 with config cta64x128x32_s3_atom2x2x1_mnn...
  ✓ Success: 100.74 us, 42633.71 GFLOPS
[21/25] Running M4096_N4096_K4096_L1 with config cta64x128x64_s4_atom2x2x1_mnn...
  ✓ Success: 2174.24 us, 63212.45 GFLOPS
[22/25] Running M4096_N4096_K4096_L1 with config cta128x128x16_s3_atom2x2x1_mnn...
  ✓ Success: 1903.10 us, 72218.31 GFLOPS
[23/25] Running M4096_N4096_K4096_L1 with config cta64x128x32_s4_atom2x2x1_mnn...
  ✓ Success: 2007.06 us, 68477.73 GFLOPS
[24/25] Running M4096_N4096_K4096_L1 with config cta64x128x64_s3_atom2x2x1_mnn...
  ✓ Success: 1970.38 us, 69752.48 GFLOPS
[25/25] Running M4096_N4096_K4096_L1 with config cta64x128x32_s3_atom2x2x1_mnn...
  ✓ Success: 2018.35 us, 68094.88 GFLOPS

✓ Performance results saved to results_5x5_on_v2/performance_results.csv

================================================================================
NCU PROFILING
================================================================================

[1/25] Profiling M256_N2048_K8192_L1 with config cta64x128x64_s4_atom2x2x1_mnn...
  ✓ Profile saved: results_5x5_on_v2/ncu_profiles/prob0_cfg0_M256_N2048_K8192_L1_cta64x128x64_s4_atom2x2x1_mnn.ncu-rep
[2/25] Profiling M256_N2048_K8192_L1 with config cta128x128x16_s3_atom2x2x1_mnn...
  ✓ Profile saved: results_5x5_on_v2/ncu_profiles/prob0_cfg1_M256_N2048_K8192_L1_cta128x128x16_s3_atom2x2x1_mnn.ncu-rep
[3/25] Profiling M256_N2048_K8192_L1 with config cta64x128x32_s4_atom2x2x1_mnn...
  ✓ Profile saved: results_5x5_on_v2/ncu_profiles/prob0_cfg2_M256_N2048_K8192_L1_cta64x128x32_s4_atom2x2x1_mnn.ncu-rep
[4/25] Profiling M256_N2048_K8192_L1 with config cta64x128x64_s3_atom2x2x1_mnn...
  ✓ Profile saved: results_5x5_on_v2/ncu_profiles/prob0_cfg3_M256_N2048_K8192_L1_cta64x128x64_s3_atom2x2x1_mnn.ncu-rep
[5/25] Profiling M256_N2048_K8192_L1 with config cta64x128x32_s3_atom2x2x1_mnn...
  ✓ Profile saved: results_5x5_on_v2/ncu_profiles/prob0_cfg4_M256_N2048_K8192_L1_cta64x128x32_s3_atom2x2x1_mnn.ncu-rep
[6/25] Profiling M256_N8192_K2048_L1 with config cta64x128x64_s4_atom2x2x1_mnn...
  ✓ Profile saved: results_5x5_on_v2/ncu_profiles/prob1_cfg0_M256_N8192_K2048_L1_cta64x128x64_s4_atom2x2x1_mnn.ncu-rep
[7/25] Profiling M256_N8192_K2048_L1 with config cta128x128x16_s3_atom2x2x1_mnn...
  ✓ Profile saved: results_5x5_on_v2/ncu_profiles/prob1_cfg1_M256_N8192_K2048_L1_cta128x128x16_s3_atom2x2x1_mnn.ncu-rep
[8/25] Profiling M256_N8192_K2048_L1 with config cta64x128x32_s4_atom2x2x1_mnn...
  ✓ Profile saved: results_5x5_on_v2/ncu_profiles/prob1_cfg2_M256_N8192_K2048_L1_cta64x128x32_s4_atom2x2x1_mnn.ncu-rep
[9/25] Profiling M256_N8192_K2048_L1 with config cta64x128x64_s3_atom2x2x1_mnn...
  ✓ Profile saved: results_5x5_on_v2/ncu_profiles/prob1_cfg3_M256_N8192_K2048_L1_cta64x128x64_s3_atom2x2x1_mnn.ncu-rep
[10/25] Profiling M256_N8192_K2048_L1 with config cta64x128x32_s3_atom2x2x1_mnn...
  ✓ Profile saved: results_5x5_on_v2/ncu_profiles/prob1_cfg4_M256_N8192_K2048_L1_cta64x128x32_s3_atom2x2x1_mnn.ncu-rep
[11/25] Profiling M2048_N2048_K16384_L1 with config cta64x128x64_s4_atom2x2x1_mnn...
  ✓ Profile saved: results_5x5_on_v2/ncu_profiles/prob2_cfg0_M2048_N2048_K16384_L1_cta64x128x64_s4_atom2x2x1_mnn.ncu-rep
[12/25] Profiling M2048_N2048_K16384_L1 with config cta128x128x16_s3_atom2x2x1_mnn...
  ✓ Profile saved: results_5x5_on_v2/ncu_profiles/prob2_cfg1_M2048_N2048_K16384_L1_cta128x128x16_s3_atom2x2x1_mnn.ncu-rep
[13/25] Profiling M2048_N2048_K16384_L1 with config cta64x128x32_s4_atom2x2x1_mnn...
  ✓ Profile saved: results_5x5_on_v2/ncu_profiles/prob2_cfg2_M2048_N2048_K16384_L1_cta64x128x32_s4_atom2x2x1_mnn.ncu-rep
[14/25] Profiling M2048_N2048_K16384_L1 with config cta64x128x64_s3_atom2x2x1_mnn...
  ✓ Profile saved: results_5x5_on_v2/ncu_profiles/prob2_cfg3_M2048_N2048_K16384_L1_cta64x128x64_s3_atom2x2x1_mnn.ncu-rep
[15/25] Profiling M2048_N2048_K16384_L1 with config cta64x128x32_s3_atom2x2x1_mnn...
  ✓ Profile saved: results_5x5_on_v2/ncu_profiles/prob2_cfg4_M2048_N2048_K16384_L1_cta64x128x32_s3_atom2x2x1_mnn.ncu-rep
[16/25] Profiling M4096_N128_K4096_L1 with config cta64x128x64_s4_atom2x2x1_mnn...
  ✓ Profile saved: results_5x5_on_v2/ncu_profiles/prob3_cfg0_M4096_N128_K4096_L1_cta64x128x64_s4_atom2x2x1_mnn.ncu-rep
[17/25] Profiling M4096_N128_K4096_L1 with config cta128x128x16_s3_atom2x2x1_mnn...
  ✓ Profile saved: results_5x5_on_v2/ncu_profiles/prob3_cfg1_M4096_N128_K4096_L1_cta128x128x16_s3_atom2x2x1_mnn.ncu-rep
[18/25] Profiling M4096_N128_K4096_L1 with config cta64x128x32_s4_atom2x2x1_mnn...
  ✓ Profile saved: results_5x5_on_v2/ncu_profiles/prob3_cfg2_M4096_N128_K4096_L1_cta64x128x32_s4_atom2x2x1_mnn.ncu-rep
[19/25] Profiling M4096_N128_K4096_L1 with config cta64x128x64_s3_atom2x2x1_mnn...
  ✓ Profile saved: results_5x5_on_v2/ncu_profiles/prob3_cfg3_M4096_N128_K4096_L1_cta64x128x64_s3_atom2x2x1_mnn.ncu-rep
[20/25] Profiling M4096_N128_K4096_L1 with config cta64x128x32_s3_atom2x2x1_mnn...
  ✓ Profile saved: results_5x5_on_v2/ncu_profiles/prob3_cfg4_M4096_N128_K4096_L1_cta64x128x32_s3_atom2x2x1_mnn.ncu-rep
[21/25] Profiling M4096_N4096_K4096_L1 with config cta64x128x64_s4_atom2x2x1_mnn...
  ✓ Profile saved: results_5x5_on_v2/ncu_profiles/prob4_cfg0_M4096_N4096_K4096_L1_cta64x128x64_s4_atom2x2x1_mnn.ncu-rep
[22/25] Profiling M4096_N4096_K4096_L1 with config cta128x128x16_s3_atom2x2x1_mnn...
  ✓ Profile saved: results_5x5_on_v2/ncu_profiles/prob4_cfg1_M4096_N4096_K4096_L1_cta128x128x16_s3_atom2x2x1_mnn.ncu-rep
[23/25] Profiling M4096_N4096_K4096_L1 with config cta64x128x32_s4_atom2x2x1_mnn...
  ✓ Profile saved: results_5x5_on_v2/ncu_profiles/prob4_cfg2_M4096_N4096_K4096_L1_cta64x128x32_s4_atom2x2x1_mnn.ncu-rep
[24/25] Profiling M4096_N4096_K4096_L1 with config cta64x128x64_s3_atom2x2x1_mnn...
  ✓ Profile saved: results_5x5_on_v2/ncu_profiles/prob4_cfg3_M4096_N4096_K4096_L1_cta64x128x64_s3_atom2x2x1_mnn.ncu-rep
[25/25] Profiling M4096_N4096_K4096_L1 with config cta64x128x32_s3_atom2x2x1_mnn...
  ✓ Profile saved: results_5x5_on_v2/ncu_profiles/prob4_cfg4_M4096_N4096_K4096_L1_cta64x128x32_s3_atom2x2x1_mnn.ncu-rep

✓ NCU results saved to results_5x5_on_v2/ncu_results.csv
✓ NCU report files in results_5x5_on_v2/ncu_profiles

✓ Summary saved to results_5x5_on_v2/summary.json

================================================================================
SWEEP COMPLETE
================================================================================


================================================================================
Analysis Complete!
================================================================================

Results saved to: results_5x5_on_v2
  - performance_results.csv: Performance data
  - summary.json: Statistics and metadata
  - ncu_profiles/: NCU report files (.ncu-rep)


✓ Analysis completed successfully!

View results:
  - CSV data:    cat results_analysis/performance_results.csv
  - Summary:     cat results_analysis/summary.json | python -m json.tool
  - NCU reports: ls results_analysis/ncu_profiles/ 2>/dev/null || echo 'No NCU profiles'